src/modules/billing/application/use-cases/CreateInvoiceUseCase.ts(2,40): error TS2307: Cannot find module '../../tenants/application/ports/TenantsRepository' or its corresponding type declarations.
src/modules/payments/application/PaymentsService.ts(66,59): error TS2322: Type '{ items: { title: string; quantity: number; currency_id: string; unit_price: number; }[]; external_reference: string; notification_url: string | undefined; back_urls: { success: string | undefined; failure: string | undefined; pending: string | undefined; }; auto_return: string; metadata: { ...; }; }' is not assignable to type 'PreferenceRequest'.
  Types of property 'items' are incompatible.
    Type '{ title: string; quantity: number; currency_id: string; unit_price: number; }[]' is not assignable to type 'Items[]'.
      Property 'id' is missing in type '{ title: string; quantity: number; currency_id: string; unit_price: number; }' but required in type 'Items'.
src/modules/payments/interfaces/http/paymentsRoutes.ts(26,25): error TS2345: Argument of type 'number | undefined' is not assignable to parameter of type 'number'.
  Type 'undefined' is not assignable to type 'number'.
src/modules/payments/interfaces/http/paymentsRoutes.ts(41,25): error TS2345: Argument of type 'number | undefined' is not assignable to parameter of type 'number'.
  Type 'undefined' is not assignable to type 'number'.
src/modules/pos/interfaces/http/posRoutes.ts(68,25): error TS2345: Argument of type 'number | undefined' is not assignable to parameter of type 'number'.
  Type 'undefined' is not assignable to type 'number'.
src/modules/tenants/interfaces/http/tenantsRoutes.ts(294,25): error TS2345: Argument of type 'number | undefined' is not assignable to parameter of type 'number'.
  Type 'undefined' is not assignable to type 'number'.
