src/app/createApp.ts(159,49): error TS2345: Argument of type '{ usersRepository: InMemoryUsersRepository | MongoUsersRepository; servicesRepository: InMemoryServicesRepository | MongoServicesRepository; appointmentsRepository: InMemoryAppointmentsRepository | MongoAppointmentsRepository; inventoryRepository: InMemoryInventoryRepository | MongoInventoryRepository; authenticateJ...' is not assignable to parameter of type '{ usersRepository: { list(tenantId: string, role?: string | undefined): Promise<{ id: string; role: string; name?: string | undefined; commissionRate?: number | undefined; }[]>; }; ... 5 more ...; requireRoles: (...allowedRoles: UserRole[]) => (req: Request<...>, res: Response<...>, next: NextFunction) => void | Res...'.
  Property 'posRepository' is missing in type '{ usersRepository: InMemoryUsersRepository | MongoUsersRepository; servicesRepository: InMemoryServicesRepository | MongoServicesRepository; appointmentsRepository: InMemoryAppointmentsRepository | MongoAppointmentsRepository; inventoryRepository: InMemoryInventoryRepository | MongoInventoryRepository; authenticateJ...' but required in type '{ usersRepository: { list(tenantId: string, role?: string | undefined): Promise<{ id: string; role: string; name?: string | undefined; commissionRate?: number | undefined; }[]>; }; ... 5 more ...; requireRoles: (...allowedRoles: UserRole[]) => (req: Request<...>, res: Response<...>, next: NextFunction) => void | Res...'.
src/modules/inventory/infrastructure/persistence/InMemoryInventoryRepository.ts(6,14): error TS2420: Class 'InMemoryInventoryRepository' incorrectly implements interface 'InventoryRepository'.
  Type 'InMemoryInventoryRepository' is missing the following properties from type 'InventoryRepository': restoreStock, assignToDistributor
src/modules/inventory/module.ts(20,59): error TS2322: Type 'InMemoryInventoryRepository | MongoInventoryRepository' is not assignable to type 'InventoryRepository'.
  Type 'InMemoryInventoryRepository' is missing the following properties from type 'InventoryRepository': restoreStock, assignToDistributor
src/modules/inventory/module.ts(21,59): error TS2322: Type 'InMemoryInventoryRepository | MongoInventoryRepository' is not assignable to type 'InventoryRepository'.
  Type 'InMemoryInventoryRepository' is missing the following properties from type 'InventoryRepository': restoreStock, assignToDistributor
src/modules/inventory/module.ts(22,53): error TS2322: Type 'InMemoryInventoryRepository | MongoInventoryRepository' is not assignable to type 'InventoryRepository'.
  Type 'InMemoryInventoryRepository' is missing the following properties from type 'InventoryRepository': restoreStock, assignToDistributor
src/modules/inventory/module.ts(25,5): error TS2322: Type 'InMemoryInventoryRepository | MongoInventoryRepository' is not assignable to type 'InventoryRepository'.
  Type 'InMemoryInventoryRepository' is missing the following properties from type 'InventoryRepository': restoreStock, assignToDistributor
